2023-05-31 05:43:47,133 - __main__ - INFO - test the custom logger
